// Jest Snapshot v1, https://goo.gl/fbAQLP

exports[`<LandingPage /> should render and match the snapshot 1`] = `
<div
  className="wrapper flex-centered"
>
  <HelmetWrapper
    defer={true}
    encodeSpecialCharacters={true}
  >
    <title>
      String Reverser
    </title>
    <meta
      content="Reverse your strings here!"
      name="description"
    />
  </HelmetWrapper>
</div>
`;
